428   execve("build/release/lab4/lab4_dynamic", ["build/release/lab4/lab4_dynamic"], 0x7ffccc135318 /* 10 vars */) = 0
428   brk(NULL)                         = 0x55bd3af49000
428   mmap(NULL, 8192, PROT_READ|PROT_WRITE, MAP_PRIVATE|MAP_ANONYMOUS, -1, 0) = 0x713641b25000
428   readlinkat(AT_FDCWD, "/proc/self/exe", "build/release/lab4/lab4_dy"..., 4096) = 37
428   access("/etc/ld.so.preload", R_OK) = -1 ENOENT (No such file or directory)
428   openat(AT_FDCWD, "build/release/lab4/glibc-hwcaps/x86-64-v4/libstdc++.so.6", O_RDONLY|O_CLOEXEC) = -1 ENOENT (No such file or directory)
428   newfstatat(AT_FDCWD, "build/release/lab4/glibc-hwcaps/x86-64-v4/", 0x7ffcc07bbfb0, 0) = -1 ENOENT (No such file or directory)
428   openat(AT_FDCWD, "build/release/lab4/glibc-hwcaps/x86-64-v3/libstdc++.so.6", O_RDONLY|O_CLOEXEC) = -1 ENOENT (No such file or directory)
428   newfstatat(AT_FDCWD, "build/release/lab4/glibc-hwcaps/x86-64-v3/", 0x7ffcc07bbfb0, 0) = -1 ENOENT (No such file or directory)
428   openat(AT_FDCWD, "build/release/lab4/glibc-hwcaps/x86-64-v2/libstdc++.so.6", O_RDONLY|O_CLOEXEC) = -1 ENOENT (No such file or directory)
428   newfstatat(AT_FDCWD, "build/release/lab4/glibc-hwcaps/x86-64-v2/", 0x7ffcc07bbfb0, 0) = -1 ENOENT (No such file or directory)
428   openat(AT_FDCWD, "build/release/lab4/libstdc++.so.6", O_RDONLY|O_CLOEXEC) = -1 ENOENT (No such file or directory)
428   newfstatat(AT_FDCWD, "build/release/lab4/", {st_mode=S_IFDIR|0755, st_size=4096, ...}, 0) = 0
428   openat(AT_FDCWD, "/etc/ld.so.cache", O_RDONLY|O_CLOEXEC) = 3
428   fstat(3, {st_mode=S_IFREG|0644, st_size=25399, ...}) = 0
428   mmap(NULL, 25399, PROT_READ, MAP_PRIVATE, 3, 0) = 0x713641b1e000
428   close(3)                          = 0
428   openat(AT_FDCWD, "/lib/x86_64-linux-gnu/libstdc++.so.6", O_RDONLY|O_CLOEXEC) = 3
428   read(3, "\177ELF\2\1\1\3\0\0\0\0\0\0\0\0\3\0>\0\1\0\0\0\0\0\0\0\0\0\0\0"..., 832) = 832
428   fstat(3, {st_mode=S_IFREG|0644, st_size=2497768, ...}) = 0
428   mmap(NULL, 2511040, PROT_READ, MAP_PRIVATE|MAP_DENYWRITE, 3, 0) = 0x7136418b8000
428   mmap(0x713641955000, 1216512, PROT_READ|PROT_EXEC, MAP_PRIVATE|MAP_FIXED|MAP_DENYWRITE, 3, 0x9d000) = 0x713641955000
428   mmap(0x713641a7e000, 581632, PROT_READ, MAP_PRIVATE|MAP_FIXED|MAP_DENYWRITE, 3, 0x1c6000) = 0x713641a7e000
428   mmap(0x713641b0c000, 57344, PROT_READ|PROT_WRITE, MAP_PRIVATE|MAP_FIXED|MAP_DENYWRITE, 3, 0x254000) = 0x713641b0c000
428   mmap(0x713641b1a000, 12480, PROT_READ|PROT_WRITE, MAP_PRIVATE|MAP_FIXED|MAP_ANONYMOUS, -1, 0) = 0x713641b1a000
428   close(3)                          = 0
428   openat(AT_FDCWD, "build/release/lab4/libgcc_s.so.1", O_RDONLY|O_CLOEXEC) = -1 ENOENT (No such file or directory)
428   openat(AT_FDCWD, "/lib/x86_64-linux-gnu/libgcc_s.so.1", O_RDONLY|O_CLOEXEC) = 3
428   read(3, "\177ELF\2\1\1\0\0\0\0\0\0\0\0\0\3\0>\0\1\0\0\0\0\0\0\0\0\0\0\0"..., 832) = 832
428   fstat(3, {st_mode=S_IFREG|0644, st_size=182856, ...}) = 0
428   mmap(NULL, 181160, PROT_READ, MAP_PRIVATE|MAP_DENYWRITE, 3, 0) = 0x71364188b000
428   mmap(0x71364188f000, 143360, PROT_READ|PROT_EXEC, MAP_PRIVATE|MAP_FIXED|MAP_DENYWRITE, 3, 0x4000) = 0x71364188f000
428   mmap(0x7136418b2000, 16384, PROT_READ, MAP_PRIVATE|MAP_FIXED|MAP_DENYWRITE, 3, 0x27000) = 0x7136418b2000
428   mmap(0x7136418b6000, 8192, PROT_READ|PROT_WRITE, MAP_PRIVATE|MAP_FIXED|MAP_DENYWRITE, 3, 0x2b000) = 0x7136418b6000
428   close(3)                          = 0
428   openat(AT_FDCWD, "build/release/lab4/libc.so.6", O_RDONLY|O_CLOEXEC) = -1 ENOENT (No such file or directory)
428   openat(AT_FDCWD, "/lib/x86_64-linux-gnu/libc.so.6", O_RDONLY|O_CLOEXEC) = 3
428   read(3, "\177ELF\2\1\1\3\0\0\0\0\0\0\0\0\3\0>\0\1\0\0\0p\236\2\0\0\0\0\0"..., 832) = 832
428   pread64(3, "\6\0\0\0\4\0\0\0@\0\0\0\0\0\0\0@\0\0\0\0\0\0\0@\0\0\0\0\0\0\0"..., 840, 64) = 840
428   fstat(3, {st_mode=S_IFREG|0755, st_size=1995216, ...}) = 0
428   pread64(3, "\6\0\0\0\4\0\0\0@\0\0\0\0\0\0\0@\0\0\0\0\0\0\0@\0\0\0\0\0\0\0"..., 840, 64) = 840
428   mmap(NULL, 2047568, PROT_READ, MAP_PRIVATE|MAP_DENYWRITE, 3, 0) = 0x713641697000
428   mmap(0x7136416bf000, 1454080, PROT_READ|PROT_EXEC, MAP_PRIVATE|MAP_FIXED|MAP_DENYWRITE, 3, 0x28000) = 0x7136416bf000
428   mmap(0x713641822000, 352256, PROT_READ, MAP_PRIVATE|MAP_FIXED|MAP_DENYWRITE, 3, 0x18b000) = 0x713641822000
428   mmap(0x713641878000, 24576, PROT_READ|PROT_WRITE, MAP_PRIVATE|MAP_FIXED|MAP_DENYWRITE, 3, 0x1e0000) = 0x713641878000
428   mmap(0x71364187e000, 52816, PROT_READ|PROT_WRITE, MAP_PRIVATE|MAP_FIXED|MAP_ANONYMOUS, -1, 0) = 0x71364187e000
428   close(3)                          = 0
428   openat(AT_FDCWD, "/lib/x86_64-linux-gnu/libm.so.6", O_RDONLY|O_CLOEXEC) = 3
428   read(3, "\177ELF\2\1\1\3\0\0\0\0\0\0\0\0\3\0>\0\1\0\0\0\0\0\0\0\0\0\0\0"..., 832) = 832
428   fstat(3, {st_mode=S_IFREG|0644, st_size=977112, ...}) = 0
428   mmap(NULL, 978968, PROT_READ, MAP_PRIVATE|MAP_DENYWRITE, 3, 0) = 0x7136415a7000
428   mmap(0x7136415b8000, 512000, PROT_READ|PROT_EXEC, MAP_PRIVATE|MAP_FIXED|MAP_DENYWRITE, 3, 0x11000) = 0x7136415b8000
428   mmap(0x713641635000, 393216, PROT_READ, MAP_PRIVATE|MAP_FIXED|MAP_DENYWRITE, 3, 0x8e000) = 0x713641635000
428   mmap(0x713641695000, 8192, PROT_READ|PROT_WRITE, MAP_PRIVATE|MAP_FIXED|MAP_DENYWRITE, 3, 0xed000) = 0x713641695000
428   close(3)                          = 0
428   mmap(NULL, 8192, PROT_READ|PROT_WRITE, MAP_PRIVATE|MAP_ANONYMOUS, -1, 0) = 0x7136415a5000
428   mmap(NULL, 12288, PROT_READ|PROT_WRITE, MAP_PRIVATE|MAP_ANONYMOUS, -1, 0) = 0x7136415a2000
428   arch_prctl(ARCH_SET_FS, 0x7136415a2780) = 0
428   set_tid_address(0x7136415a2a50)   = 428
428   set_robust_list(0x7136415a2a60, 24) = 0
428   rseq(0x7136415a26a0, 0x20, 0, 0x53053053) = 0
428   mprotect(0x713641878000, 16384, PROT_READ) = 0
428   mprotect(0x713641695000, 4096, PROT_READ) = 0
428   mprotect(0x7136418b6000, 4096, PROT_READ) = 0
428   mprotect(0x713641b0c000, 45056, PROT_READ) = 0
428   mprotect(0x55bd0bab1000, 4096, PROT_READ) = 0
428   mprotect(0x713641b5b000, 8192, PROT_READ) = 0
428   prlimit64(0, RLIMIT_STACK, NULL, {rlim_cur=8192*1024, rlim_max=RLIM64_INFINITY}) = 0
428   munmap(0x713641b1e000, 25399)     = 0
428   futex(0x713641b1a73c, FUTEX_WAKE_PRIVATE, 2147483647) = 0
428   getrandom("\x85\x55\x0c\x10\xe1\x1a\x27\x8e", 8, GRND_NONBLOCK) = 8
428   brk(NULL)                         = 0x55bd3af49000
428   brk(0x55bd3af6a000)               = 0x55bd3af6a000
428   newfstatat(AT_FDCWD, "/proc/self/exe", {st_mode=S_IFLNK|0777, st_size=0, ...}, AT_SYMLINK_NOFOLLOW) = 0
428   readlink("/proc/self/exe", "build/release/lab4/lab4_dy"..., 128) = 37
428   newfstatat(AT_FDCWD, "build/release/lab4/libbasic.so", {st_mode=S_IFREG|0755, st_size=15120, ...}, 0) = 0
428   openat(AT_FDCWD, "build/release/lab4/libbasic.so", O_RDONLY|O_CLOEXEC) = 3
428   read(3, "\177ELF\2\1\1\0\0\0\0\0\0\0\0\0\3\0>\0\1\0\0\0\0\0\0\0\0\0\0\0"..., 832) = 832
428   fstat(3, {st_mode=S_IFREG|0755, st_size=15120, ...}) = 0
428   mmap(NULL, 16400, PROT_READ, MAP_PRIVATE|MAP_DENYWRITE, 3, 0) = 0x713641b20000
428   mmap(0x713641b21000, 4096, PROT_READ|PROT_EXEC, MAP_PRIVATE|MAP_FIXED|MAP_DENYWRITE, 3, 0x1000) = 0x713641b21000
428   mmap(0x713641b22000, 4096, PROT_READ, MAP_PRIVATE|MAP_FIXED|MAP_DENYWRITE, 3, 0x2000) = 0x713641b22000
428   mmap(0x713641b23000, 8192, PROT_READ|PROT_WRITE, MAP_PRIVATE|MAP_FIXED|MAP_DENYWRITE, 3, 0x2000) = 0x713641b23000
428   close(3)                          = 0
428   mprotect(0x713641b23000, 4096, PROT_READ) = 0
428   fstat(1, {st_mode=S_IFCHR|0666, st_rdev=makedev(0x1, 0x3), ...}) = 0
428   ioctl(1, TCGETS, 0x7ffcc07bca90)  = -1 ENOTTY (Inappropriate ioctl for device)
428   ioctl(0, TCGETS, 0x7ffcc07bcc90)  = -1 ENOTTY (Inappropriate ioctl for device)
428   write(1, "Loaded libbasic.so\n", 19) = 19
428   fstat(0, {st_mode=S_IFREG|0777, st_size=47, ...}) = 0
428   read(0, "1 1 10\n2 1000\n0\n1 1 10\n2 1000\n1 "..., 4096) = 47
428   write(1, "PrimeCount = 4\n", 15)  = 15
428   write(1, "Pi = 3.14059\n", 13)    = 13
428   newfstatat(AT_FDCWD, "/proc/self/exe", {st_mode=S_IFLNK|0777, st_size=0, ...}, AT_SYMLINK_NOFOLLOW) = 0
428   readlink("/proc/self/exe", "build/release/lab4/lab4_dy"..., 128) = 37
428   newfstatat(AT_FDCWD, "build/release/lab4/libadvanced.so", {st_mode=S_IFREG|0755, st_size=15512, ...}, 0) = 0
428   openat(AT_FDCWD, "build/release/lab4/libadvanced.so", O_RDONLY|O_CLOEXEC) = 3
428   read(3, "\177ELF\2\1\1\0\0\0\0\0\0\0\0\0\3\0>\0\1\0\0\0\0\0\0\0\0\0\0\0"..., 832) = 832
428   fstat(3, {st_mode=S_IFREG|0755, st_size=15512, ...}) = 0
428   mmap(NULL, 16424, PROT_READ, MAP_PRIVATE|MAP_DENYWRITE, 3, 0) = 0x71364159d000
428   mmap(0x71364159e000, 4096, PROT_READ|PROT_EXEC, MAP_PRIVATE|MAP_FIXED|MAP_DENYWRITE, 3, 0x1000) = 0x71364159e000
428   mmap(0x71364159f000, 4096, PROT_READ, MAP_PRIVATE|MAP_FIXED|MAP_DENYWRITE, 3, 0x2000) = 0x71364159f000
428   mmap(0x7136415a0000, 8192, PROT_READ|PROT_WRITE, MAP_PRIVATE|MAP_FIXED|MAP_DENYWRITE, 3, 0x2000) = 0x7136415a0000
428   close(3)                          = 0
428   mprotect(0x7136415a0000, 4096, PROT_READ) = 0
428   munmap(0x713641b20000, 16400)     = 0
428   write(1, "Switched to libadvanced.so\n", 27) = 27
428   write(1, "PrimeCount = 4\n", 15)  = 15
428   write(1, "Pi = 3.14081\n", 13)    = 13
428   write(1, "PrimeCount = 8\n", 15)  = 15
428   newfstatat(AT_FDCWD, "/proc/self/exe", {st_mode=S_IFLNK|0777, st_size=0, ...}, AT_SYMLINK_NOFOLLOW) = 0
428   readlink("/proc/self/exe", "build/release/lab4/lab4_dy"..., 128) = 37
428   newfstatat(AT_FDCWD, "build/release/lab4/libbasic.so", {st_mode=S_IFREG|0755, st_size=15120, ...}, 0) = 0
428   openat(AT_FDCWD, "build/release/lab4/libbasic.so", O_RDONLY|O_CLOEXEC) = 3
428   read(3, "\177ELF\2\1\1\0\0\0\0\0\0\0\0\0\3\0>\0\1\0\0\0\0\0\0\0\0\0\0\0"..., 832) = 832
428   fstat(3, {st_mode=S_IFREG|0755, st_size=15120, ...}) = 0
428   mmap(NULL, 16400, PROT_READ, MAP_PRIVATE|MAP_DENYWRITE, 3, 0) = 0x713641b20000
428   mmap(0x713641b21000, 4096, PROT_READ|PROT_EXEC, MAP_PRIVATE|MAP_FIXED|MAP_DENYWRITE, 3, 0x1000) = 0x713641b21000
428   mmap(0x713641b22000, 4096, PROT_READ, MAP_PRIVATE|MAP_FIXED|MAP_DENYWRITE, 3, 0x2000) = 0x713641b22000
428   mmap(0x713641b23000, 8192, PROT_READ|PROT_WRITE, MAP_PRIVATE|MAP_FIXED|MAP_DENYWRITE, 3, 0x2000) = 0x713641b23000
428   close(3)                          = 0
428   mprotect(0x713641b23000, 4096, PROT_READ) = 0
428   munmap(0x71364159d000, 16424)     = 0
428   write(1, "Switched to libbasic.so\n", 24) = 24
428   write(1, "Pi = 3.14059\n", 13)    = 13
428   read(0, "", 4096)                 = 0
428   munmap(0x713641b20000, 16400)     = 0
428   exit_group(0)                     = ?
428   +++ exited with 0 +++
